// Jest Snapshot v1, https://goo.gl/fbAQLP

exports[`loadCellSets action Dispatches a loaded action when run with the initial state. 1`] = `
[
  {
    "type": "cellSets/loading",
  },
  {
    "payload": {
      "data": [
        {
          "children": [
            {
              "cellIds": [
                1,
                2,
                3,
                4,
                5,
                6,
                7,
                8,
                9,
                10,
                11,
                12,
                16,
                17,
                18,
                19,
                20,
                21,
                22,
                23,
                24,
                25,
                26,
                27,
                28,
                29,
                30,
              ],
              "color": "#e377c2",
              "key": "louvain-0",
              "name": "Cluster 0",
              "rootNode": false,
              "type": "cellSets",
            },
            {
              "cellIds": [
                31,
                32,
                33,
                34,
                35,
                36,
                37,
                38,
                39,
                40,
                41,
                42,
                43,
                47,
                48,
                49,
                50,
                51,
                52,
                53,
                54,
                55,
              ],
              "color": "#8c564b",
              "key": "louvain-1",
              "name": "Cluster 1",
              "rootNode": false,
              "type": "cellSets",
            },
            {
              "cellIds": [
                57,
                58,
                59,
                60,
              ],
              "color": "#d62728",
              "key": "louvain-2",
              "name": "Cluster 2",
              "rootNode": false,
              "type": "cellSets",
            },
            {
              "cellIds": [
                61,
                62,
                64,
                65,
              ],
              "color": "#2ca02c",
              "key": "louvain-3",
              "name": "Cluster 3",
              "rootNode": false,
              "type": "cellSets",
            },
            {
              "cellIds": [
                66,
                68,
                69,
                70,
              ],
              "color": "#ff7f0e",
              "key": "louvain-4",
              "name": "Cluster 4",
              "rootNode": false,
              "type": "cellSets",
            },
            {
              "cellIds": [
                71,
                72,
                73,
                75,
              ],
              "color": "#1f77b4",
              "key": "louvain-5",
              "name": "Cluster 5",
              "rootNode": false,
              "type": "cellSets",
            },
            {
              "cellIds": [
                76,
                77,
                79,
                80,
              ],
              "color": "#f8e71c",
              "key": "louvain-6",
              "name": "Cluster 6",
              "rootNode": false,
              "type": "cellSets",
            },
            {
              "cellIds": [
                81,
                82,
                84,
                85,
              ],
              "color": "#3957ff",
              "key": "louvain-7",
              "name": "Cluster 7",
              "rootNode": false,
              "type": "cellSets",
            },
            {
              "cellIds": [
                88,
                89,
                90,
              ],
              "color": "#d3fe14",
              "key": "louvain-8",
              "name": "Cluster 8",
              "rootNode": false,
              "type": "cellSets",
            },
            {
              "cellIds": [
                91,
                92,
                93,
              ],
              "color": "#c9080a",
              "key": "louvain-9",
              "name": "Cluster 9",
              "rootNode": false,
              "type": "cellSets",
            },
            {
              "cellIds": [
                94,
                95,
              ],
              "color": "#fec7f8",
              "key": "louvain-10",
              "name": "Cluster 10",
              "rootNode": false,
              "type": "cellSets",
            },
            {
              "cellIds": [
                96,
                97,
              ],
              "color": "#0b7b3e",
              "key": "louvain-11",
              "name": "Cluster 11",
              "rootNode": false,
              "type": "cellSets",
            },
            {
              "cellIds": [
                98,
                99,
              ],
              "color": "#0bf0e9",
              "key": "louvain-12",
              "name": "Cluster 12",
              "rootNode": false,
              "type": "cellSets",
            },
            {
              "cellIds": [
                100,
              ],
              "color": "#c203c8",
              "key": "louvain-13",
              "name": "Cluster 13",
              "rootNode": false,
              "type": "cellSets",
            },
          ],
          "key": "louvain",
          "name": "fake louvain clusters",
          "rootNode": true,
          "type": "cellSets",
        },
        {
          "children": [],
          "key": "scratchpad",
          "name": "Custom cell sets",
          "rootNode": true,
          "type": "cellSets",
        },
        {
          "children": [
            {
              "cellIds": [
                1,
                2,
                3,
                4,
                5,
                6,
                7,
                8,
                9,
                10,
                11,
                12,
                13,
                14,
                15,
                16,
                17,
                18,
                19,
                20,
                21,
                22,
                23,
                24,
                25,
                26,
                27,
                28,
                29,
                30,
                31,
                32,
                33,
                34,
                35,
                36,
                37,
                38,
                39,
                40,
              ],
              "color": "#8c564b",
              "key": "b62028a1-ffa0-4f10-823d-93c9ddb88898",
              "name": "KO",
            },
            {
              "cellIds": [
                41,
                42,
                43,
                44,
                45,
                46,
                47,
                48,
                49,
                50,
                51,
                52,
                53,
                54,
                55,
                56,
                57,
                58,
                59,
                60,
                61,
                62,
                63,
                64,
                65,
                66,
                67,
                68,
                69,
                70,
                71,
                72,
                73,
                74,
                75,
              ],
              "color": "#d62728",
              "key": "ab568662-27fa-462c-9435-625594341314",
              "name": "WT1",
            },
            {
              "cellIds": [
                76,
                77,
                78,
                79,
                80,
                81,
                82,
                83,
                84,
                85,
                86,
                87,
                88,
                89,
                90,
                91,
                92,
                93,
                94,
                95,
                96,
                97,
                98,
                99,
                100,
              ],
              "color": "#e377c2",
              "key": "98c7a0ed-d086-4df8-bf94-a9ee6edb793f",
              "name": "WT2",
            },
          ],
          "key": "sample",
          "name": "Samples",
          "rootNode": true,
          "type": "metadataCategorical",
        },
        {
          "children": [
            {
              "cellSetKeys": [
                "98c7a0ed-d086-4df8-bf94-a9ee6edb793f",
              ],
              "color": "#8c564b",
              "key": "Track_1-KMeta",
              "name": "KMeta",
            },
            {
              "cellSetKeys": [
                "b62028a1-ffa0-4f10-823d-93c9ddb88898",
                "ab568662-27fa-462c-9435-625594341314",
              ],
              "color": "#d62728",
              "key": "Track_1-WMetaT",
              "name": "WMetaT",
            },
          ],
          "key": "Track_1",
          "name": "Track_1",
          "rootNode": true,
          "type": "metadataCategorical",
        },
      ],
      "experimentId": "1234",
    },
    "type": "cellSets/loaded",
  },
]
`;

exports[`loadCellSets action Dispatches an error condition if fetch fails 1`] = `
[
  {
    "type": "cellSets/loading",
  },
  {
    "payload": {
      "error": "We couldn't get the list of cell sets.",
    },
    "type": "cellSets/error",
  },
]
`;

exports[`loadCellSets action Dispatches on initial load pending false and error state 1`] = `
[
  {
    "type": "cellSets/loading",
  },
  {
    "payload": {
      "data": [
        {
          "children": [
            {
              "cellIds": [
                1,
                2,
                3,
                4,
                5,
                6,
                7,
                8,
                9,
                10,
                11,
                12,
                16,
                17,
                18,
                19,
                20,
                21,
                22,
                23,
                24,
                25,
                26,
                27,
                28,
                29,
                30,
              ],
              "color": "#e377c2",
              "key": "louvain-0",
              "name": "Cluster 0",
              "rootNode": false,
              "type": "cellSets",
            },
            {
              "cellIds": [
                31,
                32,
                33,
                34,
                35,
                36,
                37,
                38,
                39,
                40,
                41,
                42,
                43,
                47,
                48,
                49,
                50,
                51,
                52,
                53,
                54,
                55,
              ],
              "color": "#8c564b",
              "key": "louvain-1",
              "name": "Cluster 1",
              "rootNode": false,
              "type": "cellSets",
            },
            {
              "cellIds": [
                57,
                58,
                59,
                60,
              ],
              "color": "#d62728",
              "key": "louvain-2",
              "name": "Cluster 2",
              "rootNode": false,
              "type": "cellSets",
            },
            {
              "cellIds": [
                61,
                62,
                64,
                65,
              ],
              "color": "#2ca02c",
              "key": "louvain-3",
              "name": "Cluster 3",
              "rootNode": false,
              "type": "cellSets",
            },
            {
              "cellIds": [
                66,
                68,
                69,
                70,
              ],
              "color": "#ff7f0e",
              "key": "louvain-4",
              "name": "Cluster 4",
              "rootNode": false,
              "type": "cellSets",
            },
            {
              "cellIds": [
                71,
                72,
                73,
                75,
              ],
              "color": "#1f77b4",
              "key": "louvain-5",
              "name": "Cluster 5",
              "rootNode": false,
              "type": "cellSets",
            },
            {
              "cellIds": [
                76,
                77,
                79,
                80,
              ],
              "color": "#f8e71c",
              "key": "louvain-6",
              "name": "Cluster 6",
              "rootNode": false,
              "type": "cellSets",
            },
            {
              "cellIds": [
                81,
                82,
                84,
                85,
              ],
              "color": "#3957ff",
              "key": "louvain-7",
              "name": "Cluster 7",
              "rootNode": false,
              "type": "cellSets",
            },
            {
              "cellIds": [
                88,
                89,
                90,
              ],
              "color": "#d3fe14",
              "key": "louvain-8",
              "name": "Cluster 8",
              "rootNode": false,
              "type": "cellSets",
            },
            {
              "cellIds": [
                91,
                92,
                93,
              ],
              "color": "#c9080a",
              "key": "louvain-9",
              "name": "Cluster 9",
              "rootNode": false,
              "type": "cellSets",
            },
            {
              "cellIds": [
                94,
                95,
              ],
              "color": "#fec7f8",
              "key": "louvain-10",
              "name": "Cluster 10",
              "rootNode": false,
              "type": "cellSets",
            },
            {
              "cellIds": [
                96,
                97,
              ],
              "color": "#0b7b3e",
              "key": "louvain-11",
              "name": "Cluster 11",
              "rootNode": false,
              "type": "cellSets",
            },
            {
              "cellIds": [
                98,
                99,
              ],
              "color": "#0bf0e9",
              "key": "louvain-12",
              "name": "Cluster 12",
              "rootNode": false,
              "type": "cellSets",
            },
            {
              "cellIds": [
                100,
              ],
              "color": "#c203c8",
              "key": "louvain-13",
              "name": "Cluster 13",
              "rootNode": false,
              "type": "cellSets",
            },
          ],
          "key": "louvain",
          "name": "fake louvain clusters",
          "rootNode": true,
          "type": "cellSets",
        },
        {
          "children": [],
          "key": "scratchpad",
          "name": "Custom cell sets",
          "rootNode": true,
          "type": "cellSets",
        },
        {
          "children": [
            {
              "cellIds": [
                1,
                2,
                3,
                4,
                5,
                6,
                7,
                8,
                9,
                10,
                11,
                12,
                13,
                14,
                15,
                16,
                17,
                18,
                19,
                20,
                21,
                22,
                23,
                24,
                25,
                26,
                27,
                28,
                29,
                30,
                31,
                32,
                33,
                34,
                35,
                36,
                37,
                38,
                39,
                40,
              ],
              "color": "#8c564b",
              "key": "b62028a1-ffa0-4f10-823d-93c9ddb88898",
              "name": "KO",
            },
            {
              "cellIds": [
                41,
                42,
                43,
                44,
                45,
                46,
                47,
                48,
                49,
                50,
                51,
                52,
                53,
                54,
                55,
                56,
                57,
                58,
                59,
                60,
                61,
                62,
                63,
                64,
                65,
                66,
                67,
                68,
                69,
                70,
                71,
                72,
                73,
                74,
                75,
              ],
              "color": "#d62728",
              "key": "ab568662-27fa-462c-9435-625594341314",
              "name": "WT1",
            },
            {
              "cellIds": [
                76,
                77,
                78,
                79,
                80,
                81,
                82,
                83,
                84,
                85,
                86,
                87,
                88,
                89,
                90,
                91,
                92,
                93,
                94,
                95,
                96,
                97,
                98,
                99,
                100,
              ],
              "color": "#e377c2",
              "key": "98c7a0ed-d086-4df8-bf94-a9ee6edb793f",
              "name": "WT2",
            },
          ],
          "key": "sample",
          "name": "Samples",
          "rootNode": true,
          "type": "metadataCategorical",
        },
        {
          "children": [
            {
              "cellSetKeys": [
                "98c7a0ed-d086-4df8-bf94-a9ee6edb793f",
              ],
              "color": "#8c564b",
              "key": "Track_1-KMeta",
              "name": "KMeta",
            },
            {
              "cellSetKeys": [
                "b62028a1-ffa0-4f10-823d-93c9ddb88898",
                "ab568662-27fa-462c-9435-625594341314",
              ],
              "color": "#d62728",
              "key": "Track_1-WMetaT",
              "name": "WMetaT",
            },
          ],
          "key": "Track_1",
          "name": "Track_1",
          "rootNode": true,
          "type": "metadataCategorical",
        },
      ],
      "experimentId": "1234",
    },
    "type": "cellSets/loaded",
  },
]
`;
