// Jest Snapshot v1, https://goo.gl/fbAQLP

exports[`runCellSetsClustering action Dispatches all required actions to update cell sets clustering. 1`] = `
[
  [
    "1234",
    {
      "cellSetKey": "louvain",
      "cellSetName": "Louvain clusters",
      "config": {
        "resolution": 0.5,
      },
      "name": "ClusterCells",
      "type": "louvain",
    },
    [Function],
    [Function],
    {
      "broadcast": true,
      "timeout": 60,
    },
  ],
]
`;

exports[`runCellSetsClustering action Dispatches error action when fetchWork fails 1`] = `
[
  [
    "1234",
    {
      "cellSetKey": "louvain",
      "cellSetName": "Louvain clusters",
      "config": {
        "resolution": 0.5,
      },
      "name": "ClusterCells",
      "type": "louvain",
    },
    [Function],
    [Function],
    {
      "broadcast": true,
      "timeout": 60,
    },
  ],
]
`;
